========================================================================
ANCHORS (must pass before any Sprint-7 number is produced)
========================================================================
  A5_max_abs_diff_csv_vs_chebwin       = 0
  A1_bw6_1k_deg                        = 29.269
  A2_bw6_2k_deg                        = 14.5147
  A3_sll_1k_db                         = -20
  A3_sll_2k_db                         = -20
  A4_uniform_sll_1k_db                 = -13.1468
  A6_q15_bw_shift_deg                  = 6.62399e-05
  A6_q15_sll_shift_db                  = 3.78301e-05
  A7_di_closed_1k_db                   = 7.15529
  A7_di_numeric_1k_db                  = 7.15529
  A8_bw3_1k_deg                        = 21.2219
ALL ANCHORS PASS

m3 tri-track anchor (1k eps=0.3 -> 24.96 deg / 10.94 dB ; eps=0.01 -> 22.87 / 4.57): PASS

================================================================================================
PHYSICAL BOUNDARY  [L3 closed form]  aperture L = 0.825 m
================================================================================================
  f Hz  lambda m  L/lambda  d/lambda  BW_uniform  BW_dolph20
   250    1.3720     0.601     0.040      140.33      180.00
   500    0.6860     1.203     0.080       56.11       60.70
   750    0.4573     1.804     0.120       36.55       39.37
  1000    0.3430     2.405     0.160       27.20       29.27

========================================================================================================================
B4 TABLE  [L2/numpy]   (WNGn re uniform; WNGa = m3 convention; att30/att90 positive dB)
========================================================================================================================
    fdesign                   eps     BW6     BW3     SLL     DI    WNGn    WNGa  att30  att90 pair=16?
  250uniform                       140.33   87.37     nan   1.74    0.00   12.04   1.52   6.95  0.0e+00
  250dolph20_frozen                180.00   94.88     nan   1.55   -0.17   11.87   1.34   5.86  0.0e+00
  250mvdr_sym8                  1   82.34   58.97  -55.67   3.06   -3.04    9.00   3.11  55.67  4.3e-16
  250mvdr_sym8                0.3   69.26   50.57  -10.54   3.65   -5.79    6.25   4.34  10.54  2.0e-15
  250mvdr_sym8                0.1   63.96   47.02   -6.61   3.83   -7.24    4.80   5.16   6.61  2.3e-15
  250mvdr_sym8               0.03   61.63   45.39   -5.35   3.89   -8.32    3.72   5.63   5.35  7.7e-15
  250mvdr_sym8               0.01   60.31   44.38   -5.32   3.95  -11.18    0.86   5.93   5.32  1.9e-14
  250mvdr_quasi_unconstr    1e-08   31.81   23.34  -13.53   6.68  -74.13  -62.09  19.07  19.97  3.0e-08

  500uniform                        56.11   40.40  -14.22   4.49    0.00   12.04   6.95  14.22  0.0e+00
  500dolph20_frozen                 60.70   43.22  -23.10   4.21   -0.17   11.87   5.86  23.10  0.0e+00
  500mvdr_sym8                  1   48.94   35.58  -10.53   4.87   -0.56   11.48   9.76  10.53  1.2e-15
  500mvdr_sym8                0.3   45.94   33.44  -12.11   5.13   -2.49    9.55  11.57  13.23  2.4e-15
  500mvdr_sym8                0.1   42.31   30.85  -13.65   5.52   -6.38    5.66  14.87  28.30  3.5e-15
  500mvdr_sym8               0.03   38.70   28.31  -13.12   5.86  -10.15    1.89  21.96  14.11  7.3e-15
  500mvdr_sym8               0.01   36.86   27.02   -9.50   5.97  -12.01    0.03  34.10   9.50  2.4e-14
  500mvdr_quasi_unconstr    1e-08   24.03   17.62  -13.39   7.82  -71.58  -59.54  13.58  25.00  2.7e-08

  750uniform                        36.55   26.62  -13.15   6.06    0.00   12.04  28.06  27.97  0.0e+00
  750dolph20_frozen                 39.37   28.42  -20.00   5.94   -0.17   11.87  16.83  36.84  0.0e+00
  750mvdr_sym8                  1   33.47   24.45  -13.08   6.43   -0.45   11.59  25.60  16.71  1.1e-15
  750mvdr_sym8                0.3   32.05   23.44  -12.55   6.56   -1.13   10.91  20.17  12.55  1.2e-15
  750mvdr_sym8                0.1   31.08   22.74  -11.95   6.66   -2.57    9.48  18.02  11.95  2.7e-15
  750mvdr_sym8               0.03   29.84   21.83  -13.01   6.87   -7.07    4.97  16.43  15.23  5.3e-15
  750mvdr_sym8               0.01   28.26   20.68  -13.34   7.14  -12.38   -0.34  14.91  40.09  1.9e-14
  750mvdr_quasi_unconstr    1e-08   20.32   14.91  -13.10   8.46  -67.97  -55.93  17.85  13.93  3.0e-08

 1000uniform                        27.20   19.89  -13.15   7.26    0.00   12.04  14.22  17.94  0.0e+00
 1000dolph20_frozen                 29.27   21.22  -20.00   7.16   -0.17   11.87  23.10  22.40  0.0e+00
 1000mvdr_sym8                  1   25.94   18.98  -13.14   7.45   -0.23   11.81  13.46  21.90  7.2e-16
 1000mvdr_sym8                0.3   24.96   18.27  -13.21   7.63   -1.10   10.94  13.24  32.27  1.6e-15
 1000mvdr_sym8                0.1   24.02   17.60  -13.10   7.77   -2.53    9.51  13.14  16.77  3.0e-15
 1000mvdr_sym8               0.03   23.33   17.10  -12.92   7.85   -4.22    7.82  13.17  12.97  7.3e-15
 1000mvdr_sym8               0.01   22.87   16.76  -12.92   7.92   -7.47    4.57  13.41  12.95  1.3e-14
 1000mvdr_quasi_unconstr    1e-08   17.15   12.59  -10.61   9.10  -59.34  -47.30  26.91  10.61  1.0e-08

================================================================================================
ALGORITHM-LAYER BOUNDARY  [L2/numpy]  (assumed floor WNG_norm >= -10 dB)
================================================================================================
     f   BW_uni   BW_d20  BW@floor  eps@floor DI@floor  BW_eps->0 WNGn_eps->0 DI_eps->0
   250   140.33   180.00     60.74   1.41e-02     3.92      31.81       -74.1      6.68
   500    56.11    60.70     38.96   3.35e-02     5.84      24.03       -71.6      7.82
   750    36.55    39.37     29.04   1.68e-02     7.01      20.32       -68.0      8.46
  1000    27.20    29.27     22.66   6.49e-03     7.97      17.15       -59.3      9.10

  cross-check vs EXP_COMPET_BEAM_VS_FREQ.md:5 [L3] '1k ceiling 1.9 dB / WNG -43 dB':
    DI(uniform)=7.26  DI(dolph20)=7.16  DI(eps->0)=9.10 dB  -> max DI gain over Dolph-20 = 1.95 dB, over uniform = 1.84 dB, at WNG_norm=-59.3 dB / WNG_abs=-47.3 dB
    at WNG_abs ~ -43 dB (eps=3.7e-08): BW=17.25 deg, DI gain vs Dolph-20 = 1.93 dB, vs uniform = 1.82 dB
    at WNG_norm ~ -43 dB (eps=3.0e-06): BW=19.08 deg, DI gain vs Dolph-20 = 1.57 dB, vs uniform = 1.47 dB
    DI gain = +1.9 dB over Dolph-20 reached at eps=2.4e-07: BW=17.63 deg, WNG_norm=-52.8 dB, WNG_abs=-40.8 dB

[CSV] /home/it1234/algorithm_speaker/Kimi_Agent_多Agent协作方案/itc-enterprise-workflow/sprint7/sim/acoustic/s7_lowfreq_superdir.csv
[CSV] /home/it1234/algorithm_speaker/Kimi_Agent_多Agent协作方案/itc-enterprise-workflow/sprint7/sim/acoustic/s7_lowfreq_eps_scan.csv
[CSV] /home/it1234/algorithm_speaker/Kimi_Agent_多Agent协作方案/itc-enterprise-workflow/sprint7/sim/acoustic/s7_lowfreq_boundary.csv

DONE s7_lowfreq_superdir. All numbers [L2/numpy]; isotropic array factor; WNG floor is an ASSUMPTION.
