========================================================================
ANCHORS (must pass before any Sprint-7 number is produced)
========================================================================
  A5_max_abs_diff_csv_vs_chebwin       = 0
  A1_bw6_1k_deg                        = 29.269
  A2_bw6_2k_deg                        = 14.5147
  A3_sll_1k_db                         = -20
  A3_sll_2k_db                         = -20
  A4_uniform_sll_1k_db                 = -13.1468
  A6_q15_bw_shift_deg                  = 6.62399e-05
  A6_q15_sll_shift_db                  = 3.78301e-05
  A7_di_closed_1k_db                   = 7.15529
  A7_di_numeric_1k_db                  = 7.15529
  A8_bw3_1k_deg                        = 21.2219
ALL ANCHORS PASS

====================================================================================================
PART 1  window sweep  [L2/numpy]  (BW = -6 dB full angle; SLL peak; DI 3-D; WNG_norm re uniform)
====================================================================================================
  negative controls: uniform SLL@1k = -13.15 dB (expect ~-13.3), Dolph-20 SLL@1k/2k = -20.00/-20.00 dB (expect -20.00)  -> PASS

window                 f     BW6     BW3     SLL edge  SLLint     DI   WNGn   WNGa  att30  att90
uniform              500   56.11   40.40  -14.22    E     nan   4.49   0.00  12.04   6.95  14.22
uniform              750   36.55   26.62  -13.15       -13.15   6.06   0.00  12.04  28.06  27.97
uniform             1000   27.20   19.89  -13.15       -13.15   7.26   0.00  12.04  14.22  17.94
uniform             1500   18.04   13.22  -13.15       -13.15   8.95   0.00  12.04  27.97  27.58
uniform             2000   13.51    9.91  -13.15       -13.15  10.17   0.00  12.04  17.94  30.57
uniform             3000    8.99    6.60  -13.15       -13.15  11.88   0.00  12.04  27.58  25.84
uniform             4000    6.74    4.95  -13.15       -13.15  13.09   0.00  12.04  30.57  25.88
uniform             5000    5.39    3.96  -13.15       -13.15  13.97   0.00  12.04  23.98  25.17
uniform             6000    4.49    3.30   -6.07    E  -13.15  14.25   0.00  12.04  25.84   6.07
dolph20_frozen       500   60.70   43.22  -23.10    E     nan   4.21  -0.17  11.87   5.86  23.10
dolph20_frozen       750   39.37   28.42  -20.00       -20.00   5.94  -0.17  11.87  16.83  36.84
dolph20_frozen      1000   29.27   21.22  -20.00       -20.00   7.16  -0.17  11.87  23.10  22.40
dolph20_frozen      1500   19.39   14.10  -20.00       -20.00   8.87  -0.17  11.87  36.84  55.30
dolph20_frozen      2000   14.51   10.57  -20.00       -20.00  10.07  -0.17  11.87  22.40  23.01
dolph20_frozen      3000    9.66    7.04  -20.00       -20.00  11.71  -0.17  11.87  55.30  22.05
dolph20_frozen      4000    7.24    5.28  -20.00       -20.00  12.86  -0.17  11.87  23.01  26.03
dolph20_frozen      5000    5.79    4.22  -20.00       -20.00  13.72  -0.17  11.87  20.01  21.17
dolph20_frozen      6000    4.83    3.52   -5.16    E  -20.00  14.08  -0.17  11.87  22.05   5.16
dolph25              500   67.33   47.43     nan          nan   3.81  -0.37  11.67   4.78  37.81
dolph25              750   43.38   31.10  -25.00       -25.00   5.56  -0.37  11.67  12.34  37.39
dolph25             1000   32.18   23.20  -25.00       -25.00   6.80  -0.37  11.67  37.81  25.94
dolph25             1500   21.30   15.41  -25.00       -25.00   8.55  -0.37  11.67  37.39  43.30
dolph25             2000   15.93   11.54  -25.00       -25.00   9.78  -0.37  11.67  25.94  28.78
dolph25             3000   10.60    7.69  -25.00       -25.00  11.51  -0.37  11.67  43.30  27.00
dolph25             4000    7.95    5.76  -25.00       -25.00  12.73  -0.37  11.67  28.78  30.17
dolph25             5000    6.36    4.61  -25.00       -25.00  13.66  -0.37  11.67  25.04  27.29
dolph25             6000    5.30    3.84   -4.23    E  -25.00  13.89  -0.37  11.67  27.00   4.23
dolph30              500   73.64   51.35     nan          nan   3.47  -0.65  11.39   4.06  21.78
dolph30              750   47.10   33.57  -30.00       -30.00   5.23  -0.65  11.39  10.00  33.38
dolph30             1000   34.87   25.02  -30.00       -30.00   6.48  -0.65  11.39  21.78  30.10
dolph30             1500   23.05   16.61  -30.00       -30.00   8.23  -0.65  11.39  33.38  40.95
dolph30             2000   17.23   12.44  -30.00       -30.00   9.48  -0.65  11.39  30.10  34.86
dolph30             3000   11.46    8.28  -30.00       -30.00  11.23  -0.65  11.39  40.95  31.94
dolph30             4000    8.59    6.21  -30.00       -30.00  12.47  -0.65  11.39  34.86  34.30
dolph30             5000    6.87    4.97  -30.00       -30.00  13.43  -0.65  11.39  30.09  34.34
dolph30             6000    5.73    4.14   -3.60    E  -30.00  13.52  -0.65  11.39  31.94   3.60
taylor25_nbar4       500   69.15   48.61     nan          nan   3.71  -0.43  11.61   4.54  30.88
taylor25_nbar4       750   44.46   31.85  -25.13       -25.13   5.46  -0.43  11.61  11.59  32.60
taylor25_nbar4      1000   32.97   23.75  -25.13       -25.13   6.70  -0.43  11.61  30.88  25.70
taylor25_nbar4      1500   21.81   15.77  -25.13       -25.13   8.45  -0.43  11.61  32.60  33.60
taylor25_nbar4      2000   16.31   11.81  -25.13       -25.13   9.69  -0.43  11.61  25.70  36.37
taylor25_nbar4      3000   10.85    7.87  -25.13       -25.13  11.44  -0.43  11.61  33.60  31.52
taylor25_nbar4      4000    8.14    5.90  -25.13       -25.13  12.68  -0.43  11.61  36.37  31.63
taylor25_nbar4      5000    6.51    4.72  -25.13       -25.13  13.63  -0.43  11.61  29.68  31.06
taylor25_nbar4      6000    5.42    3.93   -4.03    E  -25.13  13.81  -0.43  11.61  31.52   4.03
kaiser_b3            500   74.92   52.26     nan          nan   3.41  -0.70  11.34   3.92  21.66
kaiser_b3            750   47.84   34.15  -25.71       -25.71   5.16  -0.70  11.34   9.71  26.91
kaiser_b3           1000   35.41   25.44  -25.71       -25.71   6.41  -0.70  11.34  21.66  31.15
kaiser_b3           1500   23.39   16.88  -25.71       -25.71   8.17  -0.70  11.34  26.91  35.78
kaiser_b3           2000   17.49   12.64  -25.71       -25.71   9.41  -0.70  11.34  31.15  51.52
kaiser_b3           3000   11.64    8.42  -25.71       -25.71  11.17  -0.70  11.34  35.78  38.89
kaiser_b3           4000    8.72    6.31  -25.71       -25.71  12.42  -0.70  11.34  51.52  37.74
kaiser_b3           5000    6.97    5.05  -25.71       -25.71  13.39  -0.70  11.34  37.51  68.52
kaiser_b3           6000    5.81    4.21   -3.48    E  -25.71  13.45  -0.70  11.34  38.89   3.48
kaiser_b5            500   96.68   64.92     nan          nan   2.58  -1.58  10.46   2.59  11.42
kaiser_b5            750   59.74   41.93     nan          nan   4.27  -1.58  10.46   6.05  36.83
kaiser_b5           1000   43.87   31.13  -38.38       -38.38   5.52  -1.58  10.46  11.42  43.58
kaiser_b5           1500   28.84   20.61  -38.38       -38.38   7.28  -1.58  10.46  36.83  52.28
kaiser_b5           2000   21.53   15.42  -38.38       -38.38   8.53  -1.58  10.46  43.58  57.07
kaiser_b5           3000   14.31   10.26  -38.38       -38.38  10.29  -1.58  10.46  52.28  62.84
kaiser_b5           4000   10.72    7.69  -38.38       -38.38  11.54  -1.58  10.46  57.07  58.15
kaiser_b5           5000    8.57    6.15  -38.38       -38.38  12.51  -1.58  10.46  66.71  45.50
kaiser_b5           6000    7.14    5.13   -2.31    E  -38.38  12.21  -1.58  10.46  62.84   2.31
hann_edge_nonzero    500   94.20   63.69     nan          nan   2.65  -1.50  10.54   2.68  12.13
hann_edge_nonzero    750   58.46   41.19  -43.34    E     nan   4.36  -1.50  10.54   6.31  43.34
hann_edge_nonzero   1000   42.97   30.59  -31.49       -31.49   5.60  -1.50  10.54  12.13  37.26
hann_edge_nonzero   1500   28.27   20.26  -31.49       -31.49   7.37  -1.50  10.54  43.34  57.51
hann_edge_nonzero   2000   21.10   15.16  -31.49       -31.49   8.61  -1.50  10.54  37.26  54.80
hann_edge_nonzero   3000   14.03   10.09  -31.49       -31.49  10.38  -1.50  10.54  57.51  83.72
hann_edge_nonzero   4000   10.51    7.56  -31.49       -31.49  11.63  -1.50  10.54  54.80  68.87
hann_edge_nonzero   5000    8.40    6.05  -31.49       -31.49  12.59  -1.50  10.54  67.90  41.64
hann_edge_nonzero   6000    7.00    5.04   -2.39    E  -31.49  12.33  -1.50  10.54  83.72   2.39
hann_sym_edge0       500  112.24   73.45     nan          nan   2.19  -2.04  10.00   2.07   9.06
hann_sym_edge0       750   67.21   46.99     nan          nan   3.81  -2.04  10.00   4.83  26.90
hann_sym_edge0      1000   49.05   34.79  -31.50       -31.50   5.06  -2.04  10.00   9.06  31.59
hann_sym_edge0      1500   32.13   22.99  -31.50       -31.50   6.82  -2.04  10.00  26.90  43.41
hann_sym_edge0      2000   23.96   17.20  -31.50       -31.50   8.07  -2.04  10.00  31.59  56.37
hann_sym_edge0      3000   15.91   11.44  -31.50       -31.50   9.83  -2.04  10.00  43.41  78.94
hann_sym_edge0      4000   11.91    8.57  -31.50       -31.50  11.08  -2.04  10.00  56.37  55.65
hann_sym_edge0      5000    9.52    6.86  -31.50       -31.50  12.05  -2.04  10.00  87.07  59.08
hann_sym_edge0      6000    7.93    5.71   -1.85    E  -31.50  11.58  -2.04  10.00  78.94   1.85

[CSV] /home/it1234/algorithm_speaker/Kimi_Agent_多Agent协作方案/itc-enterprise-workflow/sprint7/sim/acoustic/s7_windows_sweep.csv

====================================================================================================
PART 2  per-sub-band constant-beam-width study  [L2/numpy]  (implemented split 1.5k/3k/6k)
====================================================================================================
  TRADE CURVE  per-band WNG_norm floor -> best achievable max-min over 1-6k (SB0 fixed Dolph-20):
     floor dB  max-min deg  SB1 window      SB2 window         WNG1   WNG2  DI@2k  DI@4k
          0.0        24.78  uniform         uniform            0.00   0.00  10.17  13.09
         -0.5        23.79  uniform         kaiser_b2.5        0.00  -0.46  10.17  12.65
         -1.0        23.12  uniform         kaiser_b3.5        0.00  -0.94  10.17  12.18
         -2.0        21.45  uniform         dolph62.5          0.00  -1.98  10.17  11.14
         -3.0        19.43  dolph25         dolph120          -0.37  -2.98   9.78  10.14
         -4.0        16.87  kaiser_b5       gauss_s1.8        -1.58  -3.99   8.53   9.13
         -5.0        14.92  dolph52.5       kaiser_b23        -1.67  -4.66   8.44   8.46
         -6.0        14.92  dolph52.5       kaiser_b23        -1.67  -4.66   8.44   8.46

  reference fixed Dolph-20 over 1-6k: max 29.27  min 4.83  max-min 24.44 deg
  analytic floor (octave bands, BW ~ lambda): ~BW(1k)/2 = 14.63 deg

  DESIGN A_unconstrained: SB0=dolph20_frozen  SB1=kaiser_b5  SB2=kaiser_b22.5  ->  BW range 14.31..29.27 deg, max-min = 14.96 deg (vs fixed Dolph-20 24.44; improvement 9.48 deg)
      SB0 dolph20_frozen       BW(1000)=29.27  BW(1500)=19.39  | @1000Hz: DI=7.16 WNGn=-0.17 SLL=-20.00 att30=23.10 dB
      SB1 kaiser_b5            BW(1500)=28.84  BW(3000)=14.31  | @2000Hz: DI=8.53 WNGn=-1.58 SLL=-38.38 att30=43.58 dB
      SB2 kaiser_b22.5         BW(3000)=28.92  BW(6000)=14.34  | @4000Hz: DI=8.51 WNGn=-4.62 SLL=-62.79 att30=48.04 dB

  DESIGN B_wng_ge_-3dB: SB0=dolph20_frozen  SB1=gauss_s4.0  SB2=dolph120  ->  BW range 9.83..29.27 deg, max-min = 19.43 deg (vs fixed Dolph-20 24.44; improvement 5.01 deg)
      SB0 dolph20_frozen       BW(1000)=29.27  BW(1500)=19.39  | @1000Hz: DI=7.16 WNGn=-0.17 SLL=-20.00 att30=23.10 dB
      SB1 gauss_s4.0           BW(1500)=24.56  BW(3000)=12.21  | @2000Hz: DI=9.21 WNGn=-0.90 SLL=-31.59 att30=31.70 dB
      SB2 dolph120             BW(3000)=19.74  BW(6000)=9.83  | @4000Hz: DI=10.14 WNGn=-2.98 SLL=-120.00 att30=120.08 dB

  DESIGN C_table9_att30_grade1: SB0=dolph20_frozen  SB1=kaiser_b5  SB2=kaiser_b22.5  ->  BW range 14.31..29.27 deg, max-min = 14.96 deg (vs fixed Dolph-20 24.44; improvement 9.48 deg)
      SB0 dolph20_frozen       BW(1000)=29.27  BW(1500)=19.39  | @1000Hz: DI=7.16 WNGn=-0.17 SLL=-20.00 att30=23.10 dB
      SB1 kaiser_b5            BW(1500)=28.84  BW(3000)=14.31  | @2000Hz: DI=8.53 WNGn=-1.58 SLL=-38.38 att30=43.58 dB
      SB2 kaiser_b22.5         BW(3000)=28.92  BW(6000)=14.34  | @4000Hz: DI=8.51 WNGn=-4.62 SLL=-62.79 att30=48.04 dB

[CSV] /home/it1234/algorithm_speaker/Kimi_Agent_多Agent协作方案/itc-enterprise-workflow/sprint7/sim/acoustic/s7_constbw_subband_design.csv
[CSV] /home/it1234/algorithm_speaker/Kimi_Agent_多Agent协作方案/itc-enterprise-workflow/sprint7/sim/acoustic/s7_constbw_fixedwindow_flatness.csv

[CSV] /home/it1234/algorithm_speaker/Kimi_Agent_多Agent协作方案/itc-enterprise-workflow/sprint7/sim/acoustic/s7_constbw_chosen_weights.csv

DONE s7_windows_sweep. All numbers [L2/numpy]; isotropic point-source array factor; not measured.
