rebuilt V1-128t in 0.5s

=== IN-SAMPLE (original seeds): joint7 %, paired X3-LR4 rep vs FIR V1-128t (b = X3 pass & FIR fail, c = X3 fail & FIR pass)
  [U-flat|asbuilt ] X3  21.3  FIR  20.4  D35   6.0 | X3-FIR  +0.9 pp (paired SE 1.1, 95% CI  -1.2.. +3.0)  b/c 61/52  McNemar exact p 0.452  anchors FIR OK X3 OK D35 OK
        others: X3-LR4-700/2000 e1m30:  7.1 X3-LR4-700/2000 e3m30:  3.1 X3-LR8-700/1600 e0.1m35: 22.7 X3-LR8-700/1400 e0.1m35: 22.0
  [U-flat|amp     ] X3  54.2  FIR  50.8  D35  23.0 | X3-FIR  +3.4 pp (paired SE 1.1, 95% CI  +1.3.. +5.5)  b/c 73/39  McNemar exact p 0.002  anchors FIR OK X3 OK D35 OK
        others: X3-LR4-700/2000 e1m30: 28.4 X3-LR4-700/2000 e3m30: 16.9 X3-LR8-700/1600 e0.1m35: 54.6 X3-LR8-700/1400 e0.1m35: 53.6
  [U-flat|pair    ] X3  92.6  FIR  92.1  D35  82.8 | X3-FIR  +0.5 pp (paired SE 1.0, 95% CI  -1.5.. +2.5)  b/c 57/52  McNemar exact p 0.702  anchors FIR OK X3 OK D35 OK
        others: X3-LR4-700/2000 e1m30: 84.4 X3-LR4-700/2000 e3m30: 80.1 X3-LR8-700/1600 e0.1m35: 92.3 X3-LR8-700/1400 e0.1m35: 92.7
  [U-flat|cplx    ] X3  87.5  FIR  82.5  D35  56.1 | X3-FIR  +5.0 pp (paired SE 0.9, 95% CI  +3.2.. +6.8)  b/c 68/18  McNemar exact p 0.000  anchors FIR OK X3 OK D35 OK
        others: X3-LR4-700/2000 e1m30: 60.4 X3-LR4-700/2000 e3m30: 44.5 X3-LR8-700/1600 e0.1m35: 87.8 X3-LR8-700/1400 e0.1m35: 86.4
  [U-flat|paircplx] X3 100.0  FIR 100.0  D35 100.0 | X3-FIR  +0.0 pp (paired SE 0.0, 95% CI  +0.0.. +0.0)  b/c 0/0  McNemar exact p 1.000  anchors FIR OK X3 OK D35 OK
        others: X3-LR4-700/2000 e1m30:100.0 X3-LR4-700/2000 e3m30:100.0 X3-LR8-700/1600 e0.1m35:100.0 X3-LR8-700/1400 e0.1m35:100.0
  [G-p0.5|asbuilt ] X3  25.1  FIR  22.0  D35   8.1 | X3-FIR  +3.1 pp (paired SE 1.1, 95% CI  +0.9.. +5.3)  b/c 80/49  McNemar exact p 0.008  anchors FIR OK X3 OK D35 OK
        others: X3-LR4-700/2000 e1m30:  9.2 X3-LR4-700/2000 e3m30:  4.5 X3-LR8-700/1600 e0.1m35: 25.0 X3-LR8-700/1400 e0.1m35: 25.2
  [G-p0.5|amp     ] X3  46.2  FIR  45.4  D35  18.8 | X3-FIR  +0.8 pp (paired SE 1.2, 95% CI  -1.6.. +3.2)  b/c 77/69  McNemar exact p 0.563  anchors FIR OK X3 OK D35 OK
        others: X3-LR4-700/2000 e1m30: 22.3 X3-LR4-700/2000 e3m30: 13.5 X3-LR8-700/1600 e0.1m35: 46.6 X3-LR8-700/1400 e0.1m35: 46.3
  [G-p0.5|pair    ] X3  80.8  FIR  79.5  D35  56.8 | X3-FIR  +1.3 pp (paired SE 1.5, 95% CI  -1.6.. +4.2)  b/c 118/105  McNemar exact p 0.422  anchors FIR OK X3 OK D35 OK
        others: X3-LR4-700/2000 e1m30: 58.9 X3-LR4-700/2000 e3m30: 44.8 X3-LR8-700/1600 e0.1m35: 79.5 X3-LR8-700/1400 e0.1m35: 80.7
  [G-p0.5|cplx    ] X3  70.0  FIR  66.7  D35  36.8 | X3-FIR  +3.3 pp (paired SE 1.2, 95% CI  +1.0.. +5.6)  b/c 85/52  McNemar exact p 0.006  anchors FIR OK X3 OK D35 OK
        others: X3-LR4-700/2000 e1m30: 40.5 X3-LR4-700/2000 e3m30: 25.8 X3-LR8-700/1600 e0.1m35: 69.7 X3-LR8-700/1400 e0.1m35: 68.5
  [G-p0.5|paircplx] X3  99.7  FIR  98.9  D35  90.6 | X3-FIR  +0.8 pp (paired SE 0.4, 95% CI  +0.1.. +1.5)  b/c 11/3  McNemar exact p 0.057  anchors FIR OK X3 OK D35 OK
        others: X3-LR4-700/2000 e1m30: 90.4 X3-LR4-700/2000 e3m30: 78.0 X3-LR8-700/1600 e0.1m35: 99.4 X3-LR8-700/1400 e0.1m35: 99.4

=== OUT-OF-SAMPLE (fresh seeds, +777777): joint7 %, paired X3-LR4 rep vs FIR V1-128t (b = X3 pass & FIR fail, c = X3 fail & FIR pass)
  [U-flat|asbuilt ] X3  25.2  FIR  23.5  D35   5.4 | X3-FIR  +1.7 pp (paired SE 1.0, 95% CI  -0.3.. +3.7)  b/c 62/45  McNemar exact p 0.122
        others: X3-LR4-700/2000 e1m30:  7.6 X3-LR4-700/2000 e3m30:  3.1 X3-LR8-700/1600 e0.1m35: 25.3 X3-LR8-700/1400 e0.1m35: 25.7
  [U-flat|amp     ] X3  53.9  FIR  51.3  D35  25.9 | X3-FIR  +2.6 pp (paired SE 1.0, 95% CI  +0.6.. +4.6)  b/c 65/39  McNemar exact p 0.014
        others: X3-LR4-700/2000 e1m30: 31.6 X3-LR4-700/2000 e3m30: 18.1 X3-LR8-700/1600 e0.1m35: 54.1 X3-LR8-700/1400 e0.1m35: 53.6
  [U-flat|pair    ] X3  91.2  FIR  91.8  D35  81.5 | X3-FIR  -0.6 pp (paired SE 1.0, 95% CI  -2.7.. +1.5)  b/c 52/58  McNemar exact p 0.634
        others: X3-LR4-700/2000 e1m30: 84.2 X3-LR4-700/2000 e3m30: 77.9 X3-LR8-700/1600 e0.1m35: 92.7 X3-LR8-700/1400 e0.1m35: 91.4
  [U-flat|cplx    ] X3  84.1  FIR  80.8  D35  53.7 | X3-FIR  +3.3 pp (paired SE 0.9, 95% CI  +1.6.. +5.0)  b/c 56/23  McNemar exact p 0.000
        others: X3-LR4-700/2000 e1m30: 58.9 X3-LR4-700/2000 e3m30: 40.6 X3-LR8-700/1600 e0.1m35: 84.8 X3-LR8-700/1400 e0.1m35: 83.8
  [U-flat|paircplx] X3 100.0  FIR 100.0  D35 100.0 | X3-FIR  +0.0 pp (paired SE 0.0, 95% CI  +0.0.. +0.0)  b/c 0/0  McNemar exact p 1.000
        others: X3-LR4-700/2000 e1m30:100.0 X3-LR4-700/2000 e3m30:100.0 X3-LR8-700/1600 e0.1m35:100.0 X3-LR8-700/1400 e0.1m35:100.0
  [G-p0.5|asbuilt ] X3  28.0  FIR  24.5  D35   8.6 | X3-FIR  +3.5 pp (paired SE 1.2, 95% CI  +1.2.. +5.8)  b/c 87/52  McNemar exact p 0.004
        others: X3-LR4-700/2000 e1m30: 11.1 X3-LR4-700/2000 e3m30:  5.5 X3-LR8-700/1600 e0.1m35: 27.7 X3-LR8-700/1400 e0.1m35: 27.2
  [G-p0.5|amp     ] X3  47.3  FIR  43.4  D35  19.6 | X3-FIR  +3.9 pp (paired SE 1.2, 95% CI  +1.5.. +6.3)  b/c 93/54  McNemar exact p 0.002
        others: X3-LR4-700/2000 e1m30: 22.6 X3-LR4-700/2000 e3m30: 13.7 X3-LR8-700/1600 e0.1m35: 47.4 X3-LR8-700/1400 e0.1m35: 47.5
  [G-p0.5|pair    ] X3  81.3  FIR  81.3  D35  59.3 | X3-FIR  +0.0 pp (paired SE 1.4, 95% CI  -2.8.. +2.8)  b/c 99/99  McNemar exact p 1.000
        others: X3-LR4-700/2000 e1m30: 61.6 X3-LR4-700/2000 e3m30: 48.1 X3-LR8-700/1600 e0.1m35: 80.7 X3-LR8-700/1400 e0.1m35: 82.2
  [G-p0.5|cplx    ] X3  68.7  FIR  65.5  D35  37.0 | X3-FIR  +3.2 pp (paired SE 1.1, 95% CI  +1.0.. +5.4)  b/c 82/50  McNemar exact p 0.007
        others: X3-LR4-700/2000 e1m30: 41.6 X3-LR4-700/2000 e3m30: 26.5 X3-LR8-700/1600 e0.1m35: 69.2 X3-LR8-700/1400 e0.1m35: 67.5
  [G-p0.5|paircplx] X3  99.0  FIR  98.8  D35  90.7 | X3-FIR  +0.2 pp (paired SE 0.4, 95% CI  -0.7.. +1.1)  b/c 11/9  McNemar exact p 0.824
        others: X3-LR4-700/2000 e1m30: 89.3 X3-LR4-700/2000 e3m30: 79.8 X3-LR8-700/1600 e0.1m35: 99.0 X3-LR8-700/1400 e0.1m35: 99.1

runtime 99s
EXIT 0
