per-channel peak vs today's same channel (dB), c0..c7 ; [max over channels; peak re digital FS]
    100 Hz clean, onset incl.                                   X3 :  -0.76  +3.59  +4.12  +3.80  +3.10  +2.64  +2.16  +2.04  [max +4.12 c2; FS +2.04]
    100 Hz clean, onset incl.                                   FIR:  -0.18  +0.00  -0.50  -1.32  -0.77  -0.73  -0.65  -0.69  [max +0.00 c1; FS -0.69]
    100 Hz clean, steady only                                   X3 :  -0.76  +3.59  +4.12  +3.80  +3.10  +2.64  +2.16  +2.04  [max +4.12 c2; FS +2.04]
    100 Hz clean, steady only                                   FIR:  -0.18  +0.00  -0.50  -1.32  -0.77  -0.73  -0.65  -0.69  [max +0.00 c1; FS -0.69]
    100 Hz sign(sin) [400 zero-crossing samples, sign from rounding] X3 :  -0.76  +3.59  +4.12  +3.80  +3.10  +2.64  +2.16  +2.04  [max +4.12 c2; FS +2.04]
    100 Hz sign(sin) [400 zero-crossing samples, sign from rounding] FIR:  -0.18  +0.00  -0.50  -1.32  -0.77  -0.73  -0.65  -0.69  [max +0.00 c1; FS -0.69]
   1000 Hz clean, onset incl.                                   X3 :  -2.13  +5.55  +7.38  +6.92  +6.42  +5.76  +5.27  +4.82  [max +7.38 c2; FS +5.01]
   1000 Hz clean, onset incl.                                   FIR:  -1.89  -1.62  -0.49  +0.41  +0.44  +0.02  -0.20  -0.02  [max +0.44 c4; FS -0.02]
   1000 Hz clean, steady only                                   X3 :  -5.79  +4.04  +6.13  +5.59  +4.94  +4.13  +3.50  +3.10  [max +6.13 c2; FS +3.35]
   1000 Hz clean, steady only                                   FIR:  -2.70  -2.24  -1.84  +0.41  +0.44  -0.65  -0.69  -0.54  [max +0.44 c4; FS -0.54]
   1000 Hz sign(sin) [4000 zero-crossing samples, sign from rounding] X3 :  -5.00  +4.27  +6.38  +5.85  +5.26  +4.49  +3.90  +3.57  [max +6.38 c2; FS +3.70]
   1000 Hz sign(sin) [4000 zero-crossing samples, sign from rounding] FIR:  -2.17  -1.94  -1.46  +0.49  +0.47  -0.58  -0.64  -0.49  [max +0.49 c3; FS -0.49]
   3000 Hz clean, onset incl.                                   X3 :  -6.69  +5.16  +6.63  +6.05  +4.97  +4.04  +3.18  +2.45  [max +6.63 c2; FS +3.38]
   3000 Hz clean, onset incl.                                   FIR:  -2.86  -0.84  -0.91  -0.91  -0.30  -0.38  -0.00  +0.03  [max +0.03 c7; FS +0.03]
   3000 Hz clean, steady only                                   X3 :  -9.04  +4.57  +5.99  +5.38  +4.20  +3.22  +2.25  +1.40  [max +5.99 c2; FS +2.69]
   3000 Hz clean, steady only                                   FIR:  -3.48  -1.41  -1.71  -1.20  -0.60  -0.47  -0.07  -0.12  [max -0.07 c6; FS -0.12]
   3000 Hz sign(sin) [12000 zero-crossing samples, sign from rounding] X3 :  -5.91  +6.15  +7.79  +7.22  +6.26  +5.37  +4.56  +3.84  [max +7.79 c2; FS +4.67]
   3000 Hz sign(sin) [12000 zero-crossing samples, sign from rounding] FIR:  -1.91  -0.52  -0.89  -0.89  -0.37  -0.16  +0.34  +0.08  [max +0.34 c6; FS +0.08]
  worst two-level (+/-1) input for c7: c7 peak +10.36 dB vs today (+10.36 dB re FS); L1 bound +10.36 dB
  worst two-level (+/-1) input for c2: c2 peak +12.62 dB vs today ( +8.49 dB re FS); L1 bound +12.62 dB
