2 kHz band, worse of +/-90 deg: median / P10 / yield(>=30 dB)
--- tolerance: project convention +/-1dB +/-5deg +/-0.5mm (uniform)
  D20  as-built, no cal                              22.5 /  21.2 /    0%
  D20  as-built + per-ch gain trim (0 cyc)           22.5 /  21.9 /    0%
  D20  measure 16 + pair-match + gain trim           22.8 /  22.4 /    0%
  D20  buy 24, keep 16 + pair + gain trim            22.9 /  22.6 /    0%
  D20  measure 16 + pair + complex trim (needs FIR)  22.9 /  22.6 /    0%
  D35  as-built, no cal                              30.7 /  27.8 /   61%
  D35  as-built + per-ch gain trim (0 cyc)           32.0 /  29.0 /   79%
  D35  measure 16 + pair-match + gain trim           34.6 /  31.2 /   96%
  D35  buy 24, keep 16 + pair + gain trim            35.1 /  32.3 /   99%
  D35  measure 16 + pair + complex trim (needs FIR)  36.7 /  35.7 /  100%
--- tolerance: Gaussian sigma 1 dB / 5 deg
  D20  as-built, no cal                              21.7 /  19.9 /    0%
  D20  as-built + per-ch gain trim (0 cyc)           21.9 /  20.8 /    0%
  D20  measure 16 + pair-match + gain trim           22.3 /  21.6 /    0%
  D20  buy 24, keep 16 + pair + gain trim            22.7 /  22.2 /    0%
  D20  measure 16 + pair + complex trim (needs FIR)  22.7 /  22.1 /    0%
  D35  as-built, no cal                              26.9 /  23.4 /   15%
  D35  as-built + per-ch gain trim (0 cyc)           28.6 /  25.0 /   31%
  D35  measure 16 + pair-match + gain trim           32.3 /  28.4 /   77%
  D35  buy 24, keep 16 + pair + gain trim            33.7 /  30.0 /   90%
  D35  measure 16 + pair + complex trim (needs FIR)  35.7 /  34.3 /  100%
