
====================================================================================================
0. Anchors: point att90 Dolph-20 @1k/2k/4k = 22.40/23.01/26.03 reproduced (assert passed)
====================================================================================================
LP sector designs (min over band of 60-90 deg atten, design value): [27.8, 73.8, 81.0]
  LP-SB0 800-1.5k  w8(edge->centre) = [0.417 0.    0.078 0.797 0.    0.135 1.    0.074]  WNGn=-3.72 dB  on-axis vs D20=-8.22 dB
  LP-SB1 1.5-3k    w8(edge->centre) = [0.011 0.048 0.132 0.276 0.474 0.695 0.887 1.   ]  WNGn=-2.23 dB  on-axis vs D20=-5.24 dB
  LP-SB2 3-5k      w8(edge->centre) = [0.007 0.035 0.106 0.239 0.435 0.666 0.875 1.   ]  WNGn=-2.42 dB  on-axis vs D20=-5.65 dB

====================================================================================================
1. Ideal array: band-averaged attenuation per 1/3-oct band (dB). a90 = at 90 deg; s = worst angle in 60-90 sector; a30 = at 30 deg
====================================================================================================
band  | D0 now: Dolph-20 all bands | D1: SB0 D20 | SB1 D35 | SB | D2: SB0 D30 | SB1 D35 | SB | D3: SB0 LP | SB1 LP | SB2  
      |  a90   s60-90   a30        |  a90   s60-90   a30        |  a90   s60-90   a30        |  a90   s60-90   a30        
  250 |   5.8    4.3    1.3        |   5.8    4.3    1.3        |   4.1    3.0    1.0        |   5.5    4.0    1.3        
  315 |  10.0    7.1    2.2        |  10.0    7.1    2.2        |   6.7    4.9    1.6        |   9.2    6.6    2.1        
  400 |  19.5   12.8    3.6        |  19.5   12.8    3.6        |  11.5    8.2    2.6        |  17.0   11.6    3.4        
  500 |  23.1   23.1    5.8        |  23.1   23.1    5.8        |  20.3   13.9    4.1        |  27.6   21.7    5.5        
  630 |  22.1   20.7   10.0        |  22.1   20.7   10.0        |  32.7   26.3    6.7        |  24.0   23.5    9.2        
  800 |  24.1   24.1   19.5        |  24.1   24.1   19.5        |  35.4   31.5   11.5        |  31.7   27.0   17.0        
 1000 |  22.7   21.2   23.1        |  22.7   21.2   23.1        |  31.6   31.6   20.3        |  31.4   29.6   27.6        
 1250 |  22.2   22.2   21.9        |  22.2   22.2   21.9        |  33.1   33.1   32.8        |  30.6   30.5   23.9        
 1600 |  23.1   22.8   24.1        |  33.2   24.8   39.4        |  37.0   34.7   35.9        |  37.8   37.8   24.6        
 2000 |  23.2   22.6   22.7        |  37.8   37.4   36.9        |  37.8   37.4   36.9        |  77.1   76.0   38.1        
 2500 |  24.1   22.2   22.2        |  39.0   37.2   38.5        |  39.0   37.2   38.5        |  76.8   76.2   63.2        
 3150 |  22.7   22.3   23.2        |  37.8   37.3   38.1        |  37.8   37.3   38.1        |  79.6   79.0   79.5        
 4000 |  23.0   22.7   23.2        |  37.8   37.6   37.8        |  37.8   37.6   37.8        |  83.8   83.5   84.7        
 5000 |  22.9   22.6   24.1        |  37.8   37.7   39.0        |  37.8   37.7   39.0        |  22.8   22.8   83.8        
 6300 |   5.9    5.9   22.7        |   5.2    5.2   24.6        |   5.2    5.2   24.6        |   4.7    4.6   24.2        

WNGn per sub-band (dB re uniform) and full-drive on-axis vs D20 (dB):
  D0 now: Dolph-20 all bands         SB0:WNG-0.17/ax+0.00  SB1:WNG-0.17/ax+0.00  SB2:WNG-0.17/ax+0.00
  D1: SB0 D20 | SB1 D35 | SB2 D35    SB0:WNG-0.17/ax+0.00  SB1:WNG-0.92/ax-2.47  SB2:WNG-0.92/ax-2.47
  D2: SB0 D30 | SB1 D35 | SB2 D35    SB0:WNG-0.65/ax-1.82  SB1:WNG-0.92/ax-2.47  SB2:WNG-0.92/ax-2.47
  D3: SB0 LP | SB1 LP | SB2 LP       SB0:WNG-3.72/ax-8.22  SB1:WNG-2.23/ax-5.24  SB2:WNG-2.42/ax-5.65

BW@1k (-6 dB full, deg): D0 =29.27, D1:=29.27, D2:=34.87, D3:=30.22

====================================================================================================
2. Monte Carlo element mismatch (16 independent drivers, freq-flat errors), 1500 arrays each.
   Reported: band-avg attenuation at 90 deg -> median / P10 (90% of arrays at least this), and same after per-channel calibration
====================================================================================================

D0 now: Dolph-20 all bands
   1000 Hz  ideal  22.7 | ±0.5dB/3°: 21.8/20.5 cal 22.0/21.2 | ±1.0dB/5°: 21.0/18.7 cal 21.4/20.1 | ±1.5dB/10°: 19.3/16.5 cal 20.1/18.0 | ±2.0dB/15°: 17.6/14.4 cal 19.0/16.2 |
   2000 Hz  ideal  23.2 | ±0.5dB/3°: 22.5/21.5 cal 22.7/22.0 | ±1.0dB/5°: 21.7/19.8 cal 22.1/21.0 | ±1.5dB/10°: 19.9/17.5 cal 20.9/19.1 | ±2.0dB/15°: 18.0/15.5 cal 19.7/17.5 |
   4000 Hz  ideal  23.0 | ±0.5dB/3°: 22.4/21.6 cal 22.6/22.2 | ±1.0dB/5°: 21.6/20.2 cal 22.1/21.4 | ±1.5dB/10°: 19.9/18.2 cal 21.0/19.8 | ±2.0dB/15°: 18.1/16.1 cal 19.9/18.3 |

D2: SB0 D30 | SB1 D35 | SB2 D35
   1000 Hz  ideal  31.6 | ±0.5dB/3°: 28.6/25.7 cal 29.2/27.2 | ±1.0dB/5°: 25.7/22.0 cal 27.3/24.5 | ±1.5dB/10°: 21.9/18.2 cal 24.6/20.8 | ±2.0dB/15°: 19.1/15.2 cal 22.5/18.4 |
   2000 Hz  ideal  37.8 | ±0.5dB/3°: 31.3/28.1 cal 33.8/30.9 | ±1.0dB/5°: 26.8/23.3 cal 30.2/26.7 | ±1.5dB/10°: 22.2/18.7 cal 26.6/22.6 | ±2.0dB/15°: 19.2/15.6 cal 23.7/19.5 |
   4000 Hz  ideal  37.8 | ±0.5dB/3°: 31.2/28.9 cal 33.8/31.5 | ±1.0dB/5°: 26.8/24.0 cal 30.3/27.4 | ±1.5dB/10°: 22.2/19.2 cal 26.4/23.0 | ±2.0dB/15°: 19.2/16.2 cal 23.8/20.1 |

D3: SB0 LP | SB1 LP | SB2 LP
   1000 Hz  ideal  31.4 | ±0.5dB/3°: 27.4/24.5 cal 27.6/24.7 | ±1.0dB/5°: 24.2/20.4 cal 24.8/20.8 | ±1.5dB/10°: 20.4/16.0 cal 21.0/16.4 | ±2.0dB/15°: 17.6/13.0 cal 18.4/13.6 |
   2000 Hz  ideal  77.1 | ±0.5dB/3°: 31.0/27.4 cal 36.3/31.5 | ±1.0dB/5°: 25.7/22.0 cal 31.2/26.1 | ±1.5dB/10°: 21.1/17.4 cal 26.4/21.7 | ±2.0dB/15°: 18.1/14.3 cal 23.6/18.6 |
   4000 Hz  ideal  83.8 | ±0.5dB/3°: 30.9/27.4 cal 35.6/31.3 | ±1.0dB/5°: 25.5/22.1 cal 30.1/26.1 | ±1.5dB/10°: 21.1/17.6 cal 26.1/21.6 | ±2.0dB/15°: 17.8/14.3 cal 22.8/18.4 |

====================================================================================================
3. Wiring faults (deterministic): band-avg attenuation at 90 deg, worst / median over positions
====================================================================================================

D0 now: Dolph-20 all bands
   1000 Hz ideal  22.7 | 1 driver flipped: worst  12.8 med  16.2 | 1 driver dead: worst  17.0 med  20.6 | 1 pair(ch) flipped: worst   7.8 med  16.1
   2000 Hz ideal  23.2 | 1 driver flipped: worst  13.2 med  16.2 | 1 driver dead: worst  18.0 med  20.3 | 1 pair(ch) flipped: worst   8.6 med  12.2
   4000 Hz ideal  23.0 | 1 driver flipped: worst  13.9 med  16.0 | 1 driver dead: worst  18.5 med  20.2 | 1 pair(ch) flipped: worst   7.8 med  13.4

D2: SB0 D30 | SB1 D35 | SB2 D35
   1000 Hz ideal  31.6 | 1 driver flipped: worst  13.0 med  15.7 | 1 driver dead: worst  18.9 med  22.3 | 1 pair(ch) flipped: worst   6.0 med  18.0
   2000 Hz ideal  37.8 | 1 driver flipped: worst  11.6 med  16.9 | 1 driver dead: worst  18.6 med  23.7 | 1 pair(ch) flipped: worst   4.2 med  12.5
   4000 Hz ideal  37.8 | 1 driver flipped: worst  11.7 med  16.8 | 1 driver dead: worst  18.8 med  23.4 | 1 pair(ch) flipped: worst   4.8 med  12.5

====================================================================================================
4. Broadband (pink noise, A-weighted, 1/3-oct 250 Hz-5 kHz, ideal array): att at 90 deg vs program HPF
====================================================================================================
  D0 now: Dolph-20 all bands         HPF    0:  20.2  HPF  400:  22.9  HPF  630:  23.0  HPF  800:  23.1  HPF 1000:  23.0
  D2: SB0 D30 | SB1 D35 | SB2 D35    HPF    0:  19.3  HPF  400:  25.5  HPF  630:  35.4  HPF  800:  35.7  HPF 1000:  35.7
  D3: SB0 LP | SB1 LP | SB2 LP       HPF    0:  23.3  HPF  400:  29.1  HPF  630:  30.5  HPF  800:  31.1  HPF 1000:  31.1
  (bands above 5 kHz excluded: d=55 grating lobe reaches 90 deg at ~5.8-6.2 kHz in every design; real side level there is set by driver/box directivity, not modelled)
