s7ff_v1 generator | python 3.14.6 | numpy 2.5.3 | Linux-6.8.0-124-generic-x86_64-with-glibc2.35
FS 48000 Hz | 24-bit mono PCM | period N=1680000 (35.000 s) | fades 24000 samples (0.500 s) | total 1728000 samples (36.000 s)
steady RMS (0 dB files) = -23.00 dB re full scale 1.0 | levels [0, 10, 20, 30, 40] dB | seed base 20261002

file                                  fc_Hz    f_lo_Hz    f_hi_Hz     bins     rms_dB    peak_dB  md5
s7ff_v1_0500Hz_0dB.wav                  500     445.45     561.23     4053    -23.000     -9.059  a0f00f9a7d7d8d80f96caad9e079fe99
s7ff_v1_0500Hz_m10dB.wav                500     445.45     561.23     4053    -33.000    -19.059  9c411e6657788e5d3cddc0d33bf4ec4a
s7ff_v1_0500Hz_m20dB.wav                500     445.45     561.23     4053    -43.000    -29.059  5066e3369f4e8f7c772ce08f17ce585e
s7ff_v1_0500Hz_m30dB.wav                500     445.45     561.23     4053    -53.000    -39.059  e515a604671bd3c8c44d970b9bac8eab
s7ff_v1_0500Hz_m40dB.wav                500     445.45     561.23     4053    -63.000    -49.059  295927829778cf9e9bee5e78b38d49e6
s7ff_v1_0630Hz_0dB.wav                  630     561.27     707.15     5106    -23.000    -10.441  1aee1b2923caf2a08d34e509b3a7422c
s7ff_v1_0630Hz_m10dB.wav                630     561.27     707.15     5106    -33.000    -20.441  e8f56cfd8bf58cd20e38658d551a3d9d
s7ff_v1_0630Hz_m20dB.wav                630     561.27     707.15     5106    -43.000    -30.441  2319a80d48b5efba79069d55f4ff3858
s7ff_v1_0630Hz_m30dB.wav                630     561.27     707.15     5106    -53.000    -40.440  95909fb67c342fcde0b982dc6306a6da
s7ff_v1_0630Hz_m40dB.wav                630     561.27     707.15     5106    -63.000    -50.441  bd6e9de6f419a0ba63dc5cb1e694a51a
s7ff_v1_0800Hz_0dB.wav                  800     712.72     897.97     6483    -23.000     -9.186  12ab539f04e3b4fa64be4253bedadbd5
s7ff_v1_0800Hz_m10dB.wav                800     712.72     897.97     6483    -33.000    -19.186  10df959fa40f0edf5f9e5f1ca7b4a85b
s7ff_v1_0800Hz_m20dB.wav                800     712.72     897.97     6483    -43.000    -29.186  ea028a719eb4fda126581dd4797a2837
s7ff_v1_0800Hz_m30dB.wav                800     712.72     897.97     6483    -53.000    -39.186  cb37c4c5ad049bd92f7cc6c848f30630
s7ff_v1_0800Hz_m40dB.wav                800     712.72     897.97     6483    -63.000    -49.185  d6f7319d37c652678854425ad417f605
s7ff_v1_1000Hz_0dB.wav                 1000     890.90    1122.46     8105    -23.000     -9.312  f2bdbbd1235e05f4aae49fbd9bca115c
s7ff_v1_1000Hz_m10dB.wav               1000     890.90    1122.46     8105    -33.000    -19.312  3254414409d2717fd1e843677c3d0935
s7ff_v1_1000Hz_m20dB.wav               1000     890.90    1122.46     8105    -43.000    -29.312  2b5c8bbc36c756bfe5cb9ed207cbaaca
s7ff_v1_1000Hz_m30dB.wav               1000     890.90    1122.46     8105    -53.000    -39.312  4fcc2f69372412239f226b827b2211bb
s7ff_v1_1000Hz_m40dB.wav               1000     890.90    1122.46     8105    -63.000    -49.312  b93e172698ed1c8a87b51f5aaad7383e
s7ff_v1_1250Hz_0dB.wav                 1250    1113.62    1403.08    10131    -23.000     -9.916  b2853cfb3c3221b8bf2f14e7c54c6229
s7ff_v1_1250Hz_m10dB.wav               1250    1113.62    1403.08    10131    -33.000    -19.916  d9a9e48cd3b1135a3593e79ad824a4e7
s7ff_v1_1250Hz_m20dB.wav               1250    1113.62    1403.08    10131    -43.000    -29.916  cdb5c2724c2dc330e78fe9e855e8e940
s7ff_v1_1250Hz_m30dB.wav               1250    1113.62    1403.08    10131    -53.000    -39.916  6614f948cf51cad92d8d781a21f177a5
s7ff_v1_1250Hz_m40dB.wav               1250    1113.62    1403.08    10131    -63.000    -49.916  09e5fcdc0a914b9ae4258494f76c06fc
s7ff_v1_1600Hz_0dB.wav                 1600    1425.44    1795.94    12967    -23.000    -10.114  fa2cb2a506c75b93e1556ecafe643949
s7ff_v1_1600Hz_m10dB.wav               1600    1425.44    1795.94    12967    -33.000    -20.114  72f0787574b784d5f191f5a1f53925a2
s7ff_v1_1600Hz_m20dB.wav               1600    1425.44    1795.94    12967    -43.000    -30.114  e36b536f9f312953846a19752ed95299
s7ff_v1_1600Hz_m30dB.wav               1600    1425.44    1795.94    12967    -53.000    -40.114  61cbdf0e828c0f6ff22a6191bc7803e5
s7ff_v1_1600Hz_m40dB.wav               1600    1425.44    1795.94    12967    -63.000    -50.114  9bf112998b058f0e530b00aa4fa804cd
s7ff_v1_2000Hz_0dB.wav                 2000    1781.80    2244.92    16210    -23.000    -10.080  5047119587f385462bd7bd8d2899f8c6
s7ff_v1_2000Hz_m10dB.wav               2000    1781.80    2244.92    16210    -33.000    -20.080  a38d0dd9a8e56998a910c099c99f7858
s7ff_v1_2000Hz_m20dB.wav               2000    1781.80    2244.92    16210    -43.000    -30.080  60ef421838e78bc4e93b68d248b6af29
s7ff_v1_2000Hz_m30dB.wav               2000    1781.80    2244.92    16210    -53.000    -40.080  e32b0bd1577f3a0bd7954a82191dc8a4
s7ff_v1_2000Hz_m40dB.wav               2000    1781.80    2244.92    16210    -63.000    -50.080  ea106252c51767c1404cf756376dc360
s7ff_v1_2500Hz_0dB.wav                 2500    2227.25    2806.16    20262    -23.000    -10.157  715cb468f104975fe5b32613f0e44759
s7ff_v1_2500Hz_m10dB.wav               2500    2227.25    2806.16    20262    -33.000    -20.157  68d23e47708dce7b1effa366df0ac3e1
s7ff_v1_2500Hz_m20dB.wav               2500    2227.25    2806.16    20262    -43.000    -30.157  4265a74346fb136bdd52992d1353d5f1
s7ff_v1_2500Hz_m30dB.wav               2500    2227.25    2806.16    20262    -53.000    -40.157  5719c91a2c76b636b79c0c8fd43e048e
s7ff_v1_2500Hz_m40dB.wav               2500    2227.25    2806.16    20262    -63.000    -50.157  d87748fedbb2ddaead298cf5fb9709a6
s7ff_v1_3150Hz_0dB.wav                 3150    2806.33    3535.76    25530    -23.000     -8.493  fa2ac6428f43555b6d81c84037752580
s7ff_v1_3150Hz_m10dB.wav               3150    2806.33    3535.76    25530    -33.000    -18.493  ab0f879acf3383a0af0746ba2665032e
s7ff_v1_3150Hz_m20dB.wav               3150    2806.33    3535.76    25530    -43.000    -28.493  3387500906f1a83beed53abb81ccf305
s7ff_v1_3150Hz_m30dB.wav               3150    2806.33    3535.76    25530    -53.000    -38.493  c6e3e45fef2c54d8b4ff9320b31f72a9
s7ff_v1_3150Hz_m40dB.wav               3150    2806.33    3535.76    25530    -63.000    -48.493  a96ce0378db4cddb6bb43ee95adc84ba
s7ff_v1_4000Hz_0dB.wav                 4000    3563.59    4489.85    32419    -23.000     -9.061  993d741d5f0daf81471dfe161ce40c57
s7ff_v1_4000Hz_m10dB.wav               4000    3563.59    4489.85    32419    -33.000    -19.061  7ff7bec7bde1ec4cc0ba11796e54a966
s7ff_v1_4000Hz_m20dB.wav               4000    3563.59    4489.85    32419    -43.000    -29.061  ba68087f09b2f7ad0902d86437b215f5
s7ff_v1_4000Hz_m30dB.wav               4000    3563.59    4489.85    32419    -53.000    -39.061  ec7d7cfe48ee942fe692454775a39f77
s7ff_v1_4000Hz_m40dB.wav               4000    3563.59    4489.85    32419    -63.000    -49.061  db6217d5d551b91fda2c34b221bb8f57
s7ff_v1_5000Hz_0dB.wav                 5000    4454.49    5612.31    40523    -23.000     -9.277  9c557cde6bf12c955d647835e2b9497f
s7ff_v1_5000Hz_m10dB.wav               5000    4454.49    5612.31    40523    -33.000    -19.277  72d8bf1dccbacad4a834631a948daf8f
s7ff_v1_5000Hz_m20dB.wav               5000    4454.49    5612.31    40523    -43.000    -29.277  9e1c068aeb5336a599ee3830d2331165
s7ff_v1_5000Hz_m30dB.wav               5000    4454.49    5612.31    40523    -53.000    -39.277  89bb1e1e74f47218595d6b15a9d8b6f5
s7ff_v1_5000Hz_m40dB.wav               5000    4454.49    5612.31    40523    -63.000    -49.277  317f546827bc0c668f1ccc1829b15362
s7ff_v1_6300Hz_0dB.wav                 6300    5612.66    7071.51    51059    -23.000     -8.893  c3f19bce682bc3f0976785f0d42bc969
s7ff_v1_6300Hz_m10dB.wav               6300    5612.66    7071.51    51059    -33.000    -18.893  7bce6cf6f8dc61f4352d0f3a09bba44f
s7ff_v1_6300Hz_m20dB.wav               6300    5612.66    7071.51    51059    -43.000    -28.893  b26c0717918b8d4cd1763c51fecf0f11
s7ff_v1_6300Hz_m30dB.wav               6300    5612.66    7071.51    51059    -53.000    -38.893  f8de9b1c811e88043acbfda11cb969fd
s7ff_v1_6300Hz_m40dB.wav               6300    5612.66    7071.51    51059    -63.000    -48.893  49f87e54ec643a28881bdc638a20b5d9
s7ff_v1_silence.wav                       -          -          -        -       -inf       -inf  dbc447b80efce220114773c750dbee2e

files: 61 | MANIFEST.md5 md5 = 755631003ecdcaa12da95c4d48f79baf
