file                           rms_dB  peak_dB    inband      E1      P1      P2      E2     W_E     W_P   W_adj   slope  C_lsb  L_lsb verdict
0500Hz_0dB.wav                -23.000   -9.059  1.000000  -126.4  -147.8  -149.3  -148.3  -117.1  -122.0  -112.1  -10.00   2.62      - PASS
0500Hz_m10dB.wav              -33.000  -19.059  1.000000  -116.4  -136.9  -139.0  -138.5  -114.0  -121.9  -112.1  -10.00   0.98   0.30 PASS
0500Hz_m20dB.wav              -43.000  -29.059  1.000000  -106.4  -127.7  -129.5  -128.4  -106.1  -120.9  -112.1  -10.00   0.66   0.29 PASS
0500Hz_m30dB.wav              -53.000  -39.059  1.000000   -96.4  -117.5  -119.4  -118.4   -96.4  -116.5  -111.5  -10.00   0.65   0.29 PASS
0500Hz_m40dB.wav              -63.000  -49.059  1.000000   -86.4  -107.6  -109.2  -108.4   -86.4  -107.1  -107.5  -10.00   0.64   0.29 PASS
0630Hz_0dB.wav                -23.000  -10.441  1.000000  -126.5  -146.8  -148.3  -147.5  -117.5  -122.2  -112.7  -10.00   1.79      - PASS
0630Hz_m10dB.wav              -33.000  -20.441  1.000000  -116.5  -137.0  -138.4  -137.4  -114.2  -121.8  -112.7  -10.00   0.88   0.30 PASS
0630Hz_m20dB.wav              -43.000  -30.441  1.000000  -106.5  -126.8  -128.4  -127.5  -106.2  -120.6  -112.6  -10.00   0.65   0.29 PASS
0630Hz_m30dB.wav              -53.000  -40.440  1.000000   -96.5  -116.3  -118.3  -117.5   -96.4  -115.5  -111.7  -10.00   0.65   0.29 PASS
0630Hz_m40dB.wav              -63.000  -50.441  1.000000   -86.5  -106.5  -108.4  -107.4   -86.4  -106.4  -107.0  -10.00   0.66   0.29 PASS
0800Hz_0dB.wav                -23.000   -9.186  1.000000  -126.5  -145.8  -146.9  -146.4  -116.9  -121.5  -112.6  -10.00   1.07      - PASS
0800Hz_m10dB.wav              -33.000  -19.186  1.000000  -116.5  -136.0  -137.2  -136.3  -113.9  -121.3  -112.6  -10.00   0.66   0.30 PASS
0800Hz_m20dB.wav              -43.000  -29.186  1.000000  -106.5  -126.3  -127.4  -126.4  -106.1  -119.9  -112.4  -10.00   0.67   0.29 PASS
0800Hz_m30dB.wav              -53.000  -39.186  1.000000   -96.5  -116.0  -117.1  -116.4   -96.4  -114.7  -111.3  -10.00   0.66   0.29 PASS
0800Hz_m40dB.wav              -63.000  -49.185  1.000000   -86.5  -105.9  -107.3  -106.4   -86.5  -105.1  -106.3  -10.00   0.67   0.29 PASS
1000Hz_0dB.wav                -23.000   -9.312  1.000000  -126.6  -144.5  -146.3  -145.5  -118.7  -123.2  -113.8  -10.00   1.47      - PASS
1000Hz_m10dB.wav              -33.000  -19.312  1.000000  -116.6  -134.9  -136.2  -135.4  -114.8  -122.9  -113.8  -10.00   0.87   0.30 PASS
1000Hz_m20dB.wav              -43.000  -29.312  1.000000  -106.6  -124.4  -126.2  -125.4  -106.4  -120.8  -113.6  -10.00   0.68   0.29 PASS
1000Hz_m30dB.wav              -53.000  -39.312  1.000000   -96.6  -113.8  -116.4  -115.4   -96.6  -113.9  -111.9  -10.00   0.69   0.29 PASS
1000Hz_m40dB.wav              -63.000  -49.312  1.000000   -86.6  -104.3  -106.6  -105.5   -86.6  -104.2  -105.8  -10.00   0.70   0.29 PASS
1250Hz_0dB.wav                -23.000   -9.916  1.000000  -126.7  -143.5  -145.4  -144.4  -119.3  -124.1  -114.6  -10.00   0.90      - PASS
1250Hz_m10dB.wav              -33.000  -19.916  1.000000  -116.7  -133.8  -135.4  -134.5  -115.1  -123.5  -114.5  -10.00   0.70   0.30 PASS
1250Hz_m20dB.wav              -43.000  -29.916  1.000000  -106.7  -123.4  -125.3  -124.4  -106.5  -120.8  -114.2  -10.00   0.72   0.29 PASS
1250Hz_m30dB.wav              -53.000  -39.916  1.000000   -96.7  -113.1  -115.2  -114.4   -96.7  -112.9  -112.0  -10.00   0.69   0.29 PASS
1250Hz_m40dB.wav              -63.000  -49.916  1.000000   -86.7  -103.9  -105.2  -104.4   -86.7  -103.2  -104.9  -10.00   0.71   0.29 PASS
1600Hz_0dB.wav                -23.000  -10.114  1.000000  -126.8  -142.4  -144.2  -143.4  -120.6  -124.7  -115.8  -10.00   0.96      - PASS
1600Hz_m10dB.wav              -33.000  -20.114  1.000000  -116.8  -132.7  -134.3  -133.4  -115.6  -124.0  -115.7  -10.00   0.73   0.30 PASS
1600Hz_m20dB.wav              -43.000  -30.114  1.000000  -106.8  -123.0  -124.2  -123.4  -106.6  -120.6  -115.2  -10.00   0.72   0.29 PASS
1600Hz_m30dB.wav              -53.000  -40.114  1.000000   -96.8  -112.9  -114.2  -113.4   -96.8  -112.0  -111.8  -10.00   0.73   0.29 PASS
1600Hz_m40dB.wav              -63.000  -50.114  1.000000   -86.8  -102.1  -104.2  -103.4   -86.8  -102.2  -104.0  -10.00   0.71   0.29 PASS
2000Hz_0dB.wav                -23.000  -10.080  1.000000  -127.0  -141.5  -143.2  -142.4  -120.8  -125.9  -116.5  -10.00   0.76      - PASS
2000Hz_m10dB.wav              -33.000  -20.080  1.000000  -117.0  -130.9  -133.4  -132.4  -115.8  -124.6  -116.4  -10.00   0.76   0.30 PASS
2000Hz_m20dB.wav              -43.000  -30.080  1.000000  -107.0  -121.5  -123.3  -122.4  -106.8  -119.9  -115.7  -10.00   0.75   0.29 PASS
2000Hz_m30dB.wav              -53.000  -40.080  1.000000   -97.0  -111.9  -113.4  -112.4   -96.9  -111.0  -111.8  -10.00   0.77   0.29 PASS
2000Hz_m40dB.wav              -63.000  -50.080  1.000000   -87.0  -102.0  -103.4  -102.4   -87.0  -101.2  -103.3  -10.00   0.75   0.29 PASS
2500Hz_0dB.wav                -23.000  -10.157  1.000000  -127.2  -141.1  -142.4  -141.4  -121.2  -126.3  -117.0  -10.00   0.80      - PASS
2500Hz_m10dB.wav              -33.000  -20.157  1.000000  -117.2  -130.5  -132.3  -131.5  -116.1  -125.0  -116.9  -10.00   0.78   0.30 PASS
2500Hz_m20dB.wav              -43.000  -30.157  1.000000  -107.2  -121.0  -122.5  -121.4  -107.0  -119.8  -116.0  -10.00   0.77   0.29 PASS
2500Hz_m30dB.wav              -53.000  -40.157  1.000000   -97.2  -110.7  -112.4  -111.4   -97.2  -110.1  -111.1  -10.00   0.83   0.29 PASS
2500Hz_m40dB.wav              -63.000  -50.157  1.000000   -87.2  -101.1  -102.3  -101.4   -87.2  -100.3  -102.1  -10.00   0.78   0.29 PASS
3150Hz_0dB.wav                -23.000   -8.493  1.000000  -127.4  -138.3  -141.5  -140.5  -123.6  -129.1  -119.9  -10.00   0.78      - PASS
3150Hz_m10dB.wav              -33.000  -18.493  1.000000  -117.4  -129.5  -131.4  -130.4  -116.8  -126.3  -119.6  -10.00   0.80   0.30 PASS
3150Hz_m20dB.wav              -43.000  -28.493  1.000000  -107.4  -119.6  -121.4  -120.4  -107.3  -119.0  -117.5  -10.00   0.78   0.29 PASS
3150Hz_m30dB.wav              -53.000  -38.493  1.000000   -97.4  -109.3  -111.3  -110.4   -97.4  -109.2  -110.8  -10.00   0.80   0.29 PASS
3150Hz_m40dB.wav              -63.000  -48.493  1.000000   -87.4  -100.1  -101.4  -100.4   -87.4   -99.4  -101.3  -10.00   0.78   0.29 PASS
4000Hz_0dB.wav                -23.000   -9.061  1.000000  -127.8  -138.9  -140.4  -139.4  -122.8  -128.1  -119.8  -10.00   0.82      - PASS
4000Hz_m10dB.wav              -33.000  -19.061  1.000000  -117.8  -128.9  -130.4  -129.4  -117.0  -125.3  -119.5  -10.00   0.80   0.30 PASS
4000Hz_m20dB.wav              -43.000  -29.061  1.000000  -107.8  -118.5  -120.4  -119.4  -107.7  -118.1  -117.1  -10.00   0.83   0.29 PASS
4000Hz_m30dB.wav              -53.000  -39.061  1.000000   -97.8  -109.0  -110.3  -109.4   -97.8  -108.4  -109.9  -10.00   0.82   0.29 PASS
4000Hz_m40dB.wav              -63.000  -49.061  1.000000   -87.8   -98.6  -100.4   -99.4   -87.8   -98.4  -100.3  -10.00   0.79   0.29 PASS
5000Hz_0dB.wav                -23.000   -9.277  1.000000  -128.3  -138.2  -139.4  -138.4  -124.8  -130.1  -121.8  -10.00   0.91      - PASS
5000Hz_m10dB.wav              -33.000  -19.277  1.000000  -118.3  -128.1  -129.4  -128.5  -117.8  -126.0  -121.2  -10.00   0.83   0.30 PASS
5000Hz_m20dB.wav              -43.000  -29.277  1.000000  -108.3  -118.1  -119.4  -118.4  -108.3  -117.3  -117.5  -10.00   0.84   0.29 PASS
5000Hz_m30dB.wav              -53.000  -39.277  1.000000   -98.3  -107.1  -109.4  -108.4   -98.3  -107.5  -109.2  -10.00   0.82   0.29 PASS
5000Hz_m40dB.wav              -63.000  -49.277  1.000000   -88.3   -97.2   -99.3   -98.4   -88.3   -97.3   -99.3  -10.00   0.84   0.29 PASS
6300Hz_0dB.wav                -23.000   -8.893  1.000000  -129.1  -137.0  -138.4  -137.4  -124.6  -127.8  -120.2  -10.00   0.84      - PASS
6300Hz_m10dB.wav              -33.000  -18.893  1.000000  -119.0  -126.6  -128.4  -127.4  -118.3  -124.1  -119.7  -10.00   0.88   0.30 PASS
6300Hz_m20dB.wav              -43.000  -28.893  1.000000  -109.0  -116.7  -118.4  -117.4  -109.0  -116.2  -116.2  -10.00   0.85   0.29 PASS
6300Hz_m30dB.wav              -53.000  -38.893  1.000000   -99.0  -105.3  -108.4  -107.4   -99.1  -106.4  -108.1  -10.00   0.89   0.29 PASS
6300Hz_m40dB.wav              -63.000  -48.893  1.000000   -89.1   -96.2   -98.4   -97.4   -89.1   -96.4   -98.4  -10.00   0.84   0.29 PASS
s7ff_v1_silence.wav          PASS

files checked: 61 | FAIL items: 0 | OVERALL PASS
