s7ff_xcheck (MATLAB 26.1.0.3251617 (R2026a) Update 2) 2026-10-02 01:37:51
file                          rms_dB   peak_dB     inband       E1       E2       P2    L_lsb |     d_rms    d_peak     d_E1     d_E2     d_P2       d_L
0500Hz_0dB.wav              -23.0000   -9.0588  1.0000000  -126.44  -148.33  -149.31      NaN |   6.6e-10   8.8e-07  2.3e-04  3.4e-04  1.8e-04   0.0e+00 
0500Hz_m10dB.wav            -33.0000  -19.0588  1.0000000  -116.44  -138.49  -139.02    0.303 |   1.3e-08   2.0e-05  1.8e-04  3.4e-04  4.3e-04   1.7e-07 
0500Hz_m20dB.wav            -43.0000  -29.0588  1.0000000  -106.43  -128.42  -129.55    0.291 |   3.8e-08   2.8e-05  4.1e-04  1.2e-04  2.3e-05   1.2e-07 
0500Hz_m30dB.wav            -53.0000  -39.0588  1.0000000   -96.43  -118.40  -119.43    0.289 |   1.4e-07   2.6e-05  1.9e-05  8.3e-05  1.0e-04   2.3e-07 
0500Hz_m40dB.wav            -63.0000  -49.0588  1.0000000   -86.43  -108.44  -109.23    0.289 |   5.7e-07   2.8e-05  1.0e-06  1.3e-05  3.6e-04   7.4e-08 
0630Hz_0dB.wav              -23.0000  -10.4405  1.0000000  -126.48  -147.45  -148.32      NaN |   1.1e-09   3.2e-05  2.7e-04  4.5e-04  4.7e-04   0.0e+00 
0630Hz_m10dB.wav            -33.0000  -20.4405  1.0000000  -116.47  -137.38  -138.37    0.303 |   8.9e-09   3.5e-05  3.7e-04  3.7e-05  2.1e-04   1.4e-07 
0630Hz_m20dB.wav            -43.0000  -30.4405  1.0000000  -106.48  -127.48  -128.35    0.291 |   3.2e-08   5.0e-05  2.9e-04  3.3e-04  2.0e-04   2.2e-07 
0630Hz_m30dB.wav            -53.0000  -40.4405  1.0000000   -96.47  -117.47  -118.35    0.289 |   4.1e-08   8.8e-06  2.3e-05  3.1e-05  1.9e-04   3.1e-07 
0630Hz_m40dB.wav            -63.0000  -50.4406  1.0000000   -86.47  -107.43  -108.37    0.289 |   3.5e-07   1.9e-05  4.9e-05  3.1e-04  2.2e-04   3.9e-07 
0800Hz_0dB.wav              -23.0000   -9.1856  1.0000000  -126.53  -146.38  -146.91      NaN |   3.0e-09   2.1e-07  1.4e-04  1.5e-04  1.6e-04   0.0e+00 
0800Hz_m10dB.wav            -33.0000  -19.1856  1.0000000  -116.54  -136.33  -137.23    0.303 |   6.2e-09   1.6e-05  4.6e-04  4.4e-05  2.8e-04   1.1e-07 
0800Hz_m20dB.wav            -43.0000  -29.1856  1.0000000  -106.54  -126.41  -127.36    0.292 |   3.7e-09   1.7e-05  4.6e-04  1.3e-04  1.2e-04   2.4e-07 
0800Hz_m30dB.wav            -53.0000  -39.1856  1.0000000   -96.53  -116.39  -117.09    0.289 |   7.7e-08   1.2e-05  4.5e-05  2.4e-04  2.7e-04   2.9e-08 
0800Hz_m40dB.wav            -63.0000  -49.1855  1.0000000   -86.53  -106.38  -107.26    0.289 |   1.4e-07   2.4e-06  4.2e-05  2.5e-04  2.5e-04   3.2e-07 
1000Hz_0dB.wav              -23.0000   -9.3122  1.0000000  -126.60  -145.48  -146.31      NaN |   5.6e-09   2.7e-06  3.9e-05  4.4e-04  4.4e-04   0.0e+00 
1000Hz_m10dB.wav            -33.0000  -19.3122  1.0000000  -116.60  -135.42  -136.23    0.303 |   1.6e-08   1.4e-05  1.9e-04  1.2e-04  9.2e-05   4.6e-07 
1000Hz_m20dB.wav            -43.0000  -29.3122  1.0000000  -106.60  -125.41  -126.23    0.291 |   4.9e-08   3.7e-06  6.3e-05  3.9e-04  3.5e-04   4.6e-07 
1000Hz_m30dB.wav            -53.0000  -39.3122  1.0000000   -96.61  -115.42  -116.40    0.289 |   2.3e-08   2.3e-05  3.2e-05  4.6e-04  1.6e-04   3.5e-07 
1000Hz_m40dB.wav            -63.0000  -49.3122  1.0000000   -86.61  -105.47  -106.58    0.289 |   1.7e-07   2.7e-05  7.4e-06  1.2e-04  2.3e-04   7.8e-08 
1250Hz_0dB.wav              -23.0000   -9.9164  1.0000000  -126.69  -144.44  -145.41      NaN |   3.3e-09   4.6e-07  2.2e-04  4.0e-04  3.7e-04   0.0e+00 
1250Hz_m10dB.wav            -33.0000  -19.9164  1.0000000  -116.69  -134.48  -135.44    0.303 |   1.0e-09   3.6e-06  2.6e-04  2.8e-04  1.6e-04   8.8e-08 
1250Hz_m20dB.wav            -43.0000  -29.9164  1.0000000  -106.69  -124.43  -125.32    0.292 |   1.2e-08   1.3e-05  9.6e-05  3.5e-04  3.7e-04   1.6e-07 
1250Hz_m30dB.wav            -53.0000  -39.9164  1.0000000   -96.70  -114.43  -115.22    0.289 |   1.0e-07   3.7e-05  4.4e-05  3.7e-05  1.4e-04   3.3e-08 
1250Hz_m40dB.wav            -63.0000  -49.9163  1.0000000   -86.69  -104.44  -105.24    0.289 |   7.8e-09   1.1e-05  2.5e-05  3.0e-04  2.1e-04   4.8e-07 
1600Hz_0dB.wav              -23.0000  -10.1138  1.0000000  -126.82  -143.40  -144.24      NaN |   4.5e-09   2.0e-06  2.5e-04  2.2e-04  7.7e-05   0.0e+00 
1600Hz_m10dB.wav            -33.0000  -20.1138  1.0000000  -116.82  -133.40  -134.30    0.303 |   1.6e-08   2.8e-07  4.8e-04  1.9e-04  1.0e-04   3.7e-07 
1600Hz_m20dB.wav            -43.0000  -30.1138  1.0000000  -106.82  -123.41  -124.23    0.292 |   4.4e-08   8.0e-06  2.2e-04  2.2e-04  3.2e-04   2.4e-07 
1600Hz_m30dB.wav            -53.0000  -40.1138  1.0000000   -96.82  -113.39  -114.15    0.289 |   9.5e-08   2.1e-05  2.4e-05  2.4e-04  1.4e-04   2.2e-07 
1600Hz_m40dB.wav            -63.0000  -50.1137  1.0000000   -86.82  -103.36  -104.18    0.289 |   5.1e-07   4.2e-05  5.8e-06  4.9e-04  3.3e-04   9.6e-08 
2000Hz_0dB.wav              -23.0000  -10.0799  1.0000000  -126.98  -142.39  -143.20      NaN |   3.3e-09   3.7e-05  3.9e-04  2.9e-04  3.3e-04   0.0e+00 
2000Hz_m10dB.wav            -33.0000  -20.0799  1.0000000  -116.98  -132.38  -133.37    0.303 |   2.2e-08   3.5e-05  8.8e-05  2.2e-04  7.6e-05   1.0e-07 
2000Hz_m20dB.wav            -43.0000  -30.0799  1.0000000  -106.97  -122.43  -123.32    0.292 |   2.2e-08   3.0e-05  2.5e-04  3.0e-04  5.5e-05   4.3e-07 
2000Hz_m30dB.wav            -53.0000  -40.0799  1.0000000   -96.97  -112.42  -113.39    0.289 |   9.8e-08   3.7e-06  1.2e-05  3.1e-04  4.6e-04   2.6e-07 
2000Hz_m40dB.wav            -63.0000  -50.0800  1.0000000   -86.97  -102.35  -103.40    0.289 |   6.0e-07   3.1e-05  3.5e-05  7.2e-05  3.7e-05   1.0e-07 
2500Hz_0dB.wav              -23.0000  -10.1569  1.0000000  -127.17  -141.43  -142.43      NaN |   3.1e-09   4.0e-05  4.7e-04  1.3e-04  2.5e-05   0.0e+00 
2500Hz_m10dB.wav            -33.0000  -20.1569  1.0000000  -117.17  -131.46  -132.34    0.303 |   2.8e-09   4.4e-05  3.1e-04  2.7e-04  4.5e-04   4.9e-07 
2500Hz_m20dB.wav            -43.0000  -30.1569  1.0000000  -107.17  -121.42  -122.48    0.292 |   1.5e-08   2.3e-05  3.2e-04  2.6e-06  2.2e-04   2.1e-07 
2500Hz_m30dB.wav            -53.0000  -40.1568  1.0000000   -97.17  -111.37  -112.39    0.289 |   5.2e-08   3.5e-05  3.9e-05  4.3e-04  3.8e-04   1.9e-09 
2500Hz_m40dB.wav            -63.0000  -50.1570  1.0000000   -87.18  -101.44  -102.31    0.288 |   1.1e-07   2.3e-05  3.8e-05  1.2e-04  3.7e-04   4.2e-07 
3150Hz_0dB.wav              -23.0000   -8.4927  1.0000000  -127.44  -140.47  -141.48      NaN |   4.0e-09   4.6e-06  4.3e-04  4.7e-04  8.7e-05   0.0e+00 
3150Hz_m10dB.wav            -33.0000  -18.4927  1.0000000  -117.43  -130.44  -131.38    0.303 |   3.4e-09   4.5e-05  3.1e-04  5.5e-05  3.4e-04   3.0e-08 
3150Hz_m20dB.wav            -43.0000  -28.4927  1.0000000  -107.43  -120.43  -121.37    0.292 |   1.4e-08   3.7e-05  3.1e-04  3.0e-04  3.4e-04   4.4e-07 
3150Hz_m30dB.wav            -53.0000  -38.4928  1.0000000   -97.44  -110.40  -111.34    0.289 |   1.5e-07   4.6e-05  3.6e-05  1.9e-04  3.4e-04   4.2e-07 
3150Hz_m40dB.wav            -63.0000  -48.4927  1.0000000   -87.44  -100.38  -101.36    0.289 |   1.5e-07   9.6e-06  2.2e-05  8.7e-05  3.3e-04   7.3e-08 
4000Hz_0dB.wav              -23.0000   -9.0610  1.0000000  -127.82  -139.38  -140.37      NaN |   5.1e-09   1.2e-06  2.1e-04  4.8e-05  1.9e-04   0.0e+00 
4000Hz_m10dB.wav            -33.0000  -19.0610  1.0000000  -117.82  -129.38  -130.40    0.303 |   5.9e-09   1.3e-05  1.8e-04  4.3e-04  3.6e-04   6.4e-09 
4000Hz_m20dB.wav            -43.0000  -29.0610  1.0000000  -107.81  -119.39  -120.44    0.292 |   2.4e-09   2.4e-06  2.8e-04  4.6e-04  7.2e-05   2.2e-07 
4000Hz_m30dB.wav            -53.0000  -39.0610  1.0000000   -97.82  -109.35  -110.32    0.289 |   1.1e-08   3.7e-06  2.0e-05  2.6e-04  1.4e-04   3.0e-07 
4000Hz_m40dB.wav            -63.0000  -49.0609  1.0000000   -87.81   -99.39  -100.35    0.289 |   1.9e-07   1.5e-05  1.7e-05  2.1e-05  2.6e-04   1.7e-07 
5000Hz_0dB.wav              -23.0000   -9.2766  1.0000000  -128.30  -138.44  -139.45      NaN |   3.9e-09   3.2e-06  4.3e-04  4.3e-04  3.0e-04   0.0e+00 
5000Hz_m10dB.wav            -33.0000  -19.2766  1.0000000  -118.31  -128.45  -129.38    0.303 |   1.4e-09   2.2e-05  1.2e-04  1.9e-04  3.7e-04   1.0e-07 
5000Hz_m20dB.wav            -43.0000  -29.2766  1.0000000  -108.30  -118.44  -119.44    0.292 |   8.3e-09   2.6e-05  9.9e-05  3.1e-04  1.5e-04   3.4e-07 
5000Hz_m30dB.wav            -53.0000  -39.2766  1.0000000   -98.31  -108.39  -109.40    0.289 |   1.5e-07   3.2e-05  1.1e-05  1.2e-04  2.3e-04   3.0e-07 
5000Hz_m40dB.wav            -63.0000  -49.2766  1.0000000   -88.30   -98.41   -99.32    0.289 |   7.7e-07   3.9e-06  5.7e-06  2.4e-05  1.9e-05   8.3e-09 
6300Hz_0dB.wav              -23.0000   -8.8926  1.0000000  -129.05  -137.45  -138.39      NaN |   6.5e-09   2.1e-06  1.2e-05  4.8e-06  3.3e-04   0.0e+00 
6300Hz_m10dB.wav            -33.0000  -18.8926  1.0000000  -119.04  -127.44  -128.41    0.303 |   4.4e-10   4.2e-05  3.5e-04  4.2e-05  2.7e-04   2.3e-07 
6300Hz_m20dB.wav            -43.0000  -28.8926  1.0000000  -109.05  -117.43  -118.40    0.292 |   2.0e-08   3.4e-05  2.9e-05  3.8e-04  2.6e-04   1.5e-07 
6300Hz_m30dB.wav            -53.0000  -38.8927  1.0000000   -99.05  -107.41  -108.38    0.289 |   9.8e-09   3.1e-05  2.5e-05  4.1e-04  2.3e-04   1.4e-07 
6300Hz_m40dB.wav            -63.0000  -48.8927  1.0000000   -89.05   -97.42   -98.41    0.289 |   2.0e-07   3.8e-05  4.5e-05  2.9e-05  1.5e-06   3.2e-07 
silence file: 1728000 samples, all zero, 24 bit -> PASS

max |MATLAB - Python|: rms 7.69e-07 dB, peak 4.97e-05 dB, E1 4.83e-04 dB, E2 4.87e-04 dB, P2 4.74e-04 dB, L 4.86e-07 LSB (tolerance [0.001 0.001 0.1 0.1 0.1 0.01])
MATLAB gate failures: 0 | agreement with s7ff_check.py: true | OVERALL true
